
==============================================================================
2.0 OpenFEMA entity confirmation
==============================================================================
DisasterDeclarationsSummaries: versions/deprecation=[(2, None, None)]
HousingAssistanceOwners: versions/deprecation=[(2, None, None)]
IndividualsAndHouseholdsProgramValidRegistrations: versions/deprecation=[(2, None, None)]

==============================================================================
2.1a OpenFEMA disaster declarations (TX)
==============================================================================
--- /Users/chiemeka/DNHacks/Flood/project/scripts/../data/raw/openfema_declarations_tx.csv ---
rows=5,000  cols=29
columns: ['femaDeclarationString', 'disasterNumber', 'state', 'declarationType', 'declarationDate', 'fyDeclared', 'incidentType', 'declarationTitle', 'ihProgramDeclared', 'iaProgramDeclared', 'paProgramDeclared', 'hmProgramDeclared', 'incidentBeginDate', 'incidentEndDate', 'disasterCloseoutDate', 'tribalRequest', 'fipsStateCode', 'fipsCountyCode', 'placeCode', 'designatedArea', 'declarationRequestNumber', 'declarationRequestDate', 'lastIAFilingDate', 'incidentId', 'region', 'designatedIncidentTypes', 'lastRefresh', 'hash', 'id']
head:
  femaDeclarationString  disasterNumber state declarationType           declarationDate  fyDeclared incidentType                      declarationTitle  ihProgramDeclared  iaProgramDeclared  paProgramDeclared  hmProgramDeclared         incidentBeginDate           incidentEndDate      disasterCloseoutDate  tribalRequest fipsStateCode fipsCountyCode placeCode designatedArea declarationRequestNumber    declarationRequestDate lastIAFilingDate incidentId  region designatedIncidentTypes               lastRefresh                                      hash                                    id
0               DR-2-TX               2    TX              DR  1953-05-15T00:00:00.000Z        1953      Tornado              TORNADO & HEAVY RAINFALL              False               True               True               True  1953-05-15T00:00:00.000Z  1953-05-15T00:00:00.000Z  1958-01-01T00:00:00.000Z          False            48            000         0      Statewide                    53003  1953-05-15T00:00:00.000Z              NaN      53003       6                       W  2026-08-20T20:50:08.994Z  fce8b613988e2d8e01bf8849fbdfd7ff25fb7294  15f7c324-7a30-419c-b20f-326de43ebaa8
1               DR-9-TX               9    TX              DR  1953-06-19T00:00:00.000Z        1953        Flood                                 FLOOD              False               True               True               True  1953-06-19T00:00:00.000Z  1953-06-19T00:00:00.000Z  1958-01-01T00:00:00.000Z          False            48            000         0      Statewide                    53010  1953-06-19T00:00:00.000Z              NaN      53010       6                     NaN  2026-08-20T20:50:08.994Z  667b6ab828676f686b91afe68161b0a10fb53ed2  d11367dd-c27b-490e-b8aa-8819ee9f4c8e
2              DR-18-TX              18    TX              DR  1954-07-01T00:00:00.000Z        1954        Flood                                 FLOOD              False               True               True               True  1954-07-01T00:00:00.000Z  1954-07-01T00:00:00.000Z  1959-07-01T00:00:00.000Z          False            48            000         0      Statewide                    54004  1954-07-01T00:00:00.000Z              NaN      54004       6                     NaN  2026-08-20T20:50:08.994Z  bf833a050e3617c7415782efb4f049db652efaa5  30899284-a70b-4cfb-b768-573ebcdee138
3              DR-72-TX              72    TX              DR  1957-04-29T00:00:00.000Z        1957    Hurricane  HURRICANE, RAIN, WIND, HAIL & FLOODS              False               True               True               True  1957-04-29T00:00:00.000Z  1957-04-29T00:00:00.000Z  1961-03-01T00:00:00.000Z          False            48            000         0      Statewide                    57018  1957-04-29T00:00:00.000Z              NaN      57018       6                       W  2026-08-20T20:50:08.994Z  ca8d6319c9cd0bb430ebfb496eb8197ad0d20403  bae79133-8adf-4fcf-bf92-6e8ecaf7b1f5
4              DR-85-TX              85    TX


==============================================================================
2.1b OpenFEMA IA valid registrations
==============================================================================
--- /Users/chiemeka/DNHacks/Flood/project/scripts/../data/raw/openfema_ia_registrations.csv ---
rows=384,217  cols=19
columns: ['id', 'disasterNumber', 'censusGeoid', 'fips', 'county', 'damagedZipCode', 'ihpAmount', 'ihpEligible', 'haAmount', 'onaAmount', 'ownRent', 'grossIncome', 'occupants65andOver', 'floodDamage', 'floodDamageAmount', 'waterLevel', 'destroyed', 'residenceType', 'primaryResidence']
head:
           id  disasterNumber   censusGeoid   fips              county damagedZipCode  ihpAmount  ihpEligible  haAmount  onaAmount ownRent        grossIncome occupants65andOver  floodDamage  floodDamageAmount  waterLevel  destroyed residenceType primaryResidence
0  2402228158            4879  484510017022  48451  Tom Green (County)          76901    1331.39         True      0.00    1331.39       O           <$15,000                  0         True             261.39           1      False             H             True
1  2402228159            4879  484530022182  48453     Travis (County)          78653       0.00        False      0.00       0.00       O  $120,001-$175,000                  0        False               0.00           0      False             H             True
2  2402228160            4879  484510001001  48451  Tom Green (County)          76903   21620.60         True  18454.11    3166.49       O   $60,001-$120,000                  0         True           10865.58           4      False             H             True
3  2402228161            4879  482659606013  48265       Kerr (County)          78028       0.00        False      0.00       0.00       O    $30,001-$60,000                  0        False               0.00           0      False             H             True
4  2402228162            4879           NaN    NaN       Kerr (County)          78058    2409.14         True    869.14    1540.00       O    $30,001-$60,000                  1         True             869.14           1      False             H             True

censusGeoid coverage: 93.9% (360,629/384,217 rows)
per-disaster counts:
disasterNumber
4266      4317
4269     26428
4272     13064
4377     11738
4454      5809
4466     25981
4781    269538
4871     18707
4879      8635

==============================================================================
2.3 CDC/ATSDR SVI 2022 (Texas tracts)
==============================================================================
--- /Users/chiemeka/DNHacks/Flood/project/scripts/../data/raw/svi_tx_2022.csv ---
rows=6,884  cols=158
columns: ['ST', 'STATE', 'ST_ABBR', 'STCNTY', 'COUNTY', 'FIPS', 'LOCATION', 'AREA_SQMI', 'E_TOTPOP', 'M_TOTPOP', 'E_HU', 'M_HU', 'E_HH', 'M_HH', 'E_POV150', 'M_POV150', 'E_UNEMP', 'M_UNEMP', 'E_HBURD', 'M_HBURD', 'E_NOHSDP', 'M_NOHSDP', 'E_UNINSUR', 'M_UNINSUR', 'E_AGE65', 'M_AGE65', 'E_AGE17', 'M_AGE17', 'E_DISABL', 'M_DISABL', 'E_SNGPNT', 'M_SNGPNT', 'E_LIMENG', 'M_LIMENG', 'E_MINRTY', 'M_MINRTY', 'E_MUNIT', 'M_MUNIT', 'E_MOBILE', 'M_MOBILE', 'E_CROWD', 'M_CROWD', 'E_NOVEH', 'M_NOVEH', 'E_GROUPQ', 'M_GROUPQ', 'EP_POV150', 'MP_POV150', 'EP_UNEMP', 'MP_UNEMP', 'EP_HBURD', 'MP_HBURD', 'EP_NOHSDP', 'MP_NOHSDP', 'EP_UNINSUR', 'MP_UNINSUR', 'EP_AGE65', 'MP_AGE65', 'EP_AGE17', 'MP_AGE17', 'EP_DISABL', 'MP_DISABL', 'EP_SNGPNT', 'MP_SNGPNT', 'EP_LIMENG', 'MP_LIMENG', 'EP_MINRTY', 'MP_MINRTY', 'EP_MUNIT', 'MP_MUNIT', 'EP_MOBILE', 'MP_MOBILE', 'EP_CROWD', 'MP_CROWD', 'EP_NOVEH', 'MP_NOVEH', 'EP_GROUPQ', 'MP_GROUPQ', 'EPL_POV150', 'EPL_UNEMP', 'EPL_HBURD', 'EPL_NOHSDP', 'EPL_UNINSUR', 'SPL_THEME1', 'RPL_THEME1', 'EPL_AGE65', 'EPL_AGE17', 'EPL_DISABL', 'EPL_SNGPNT', 'EPL_LIMENG', 'SPL_THEME2', 'RPL_THEME2', 'EPL_MINRTY', 'SPL_THEME3', 'RPL_THEME3', 'EPL_MUNIT', 'EPL_MOBILE', 'EPL_CROWD', 'EPL_NOVEH', 'EPL_GROUPQ', 'SPL_THEME4', 'RPL_THEME4', 'SPL_THEMES', 'RPL_THEMES', 'F_POV150', 'F_UNEMP', 'F_HBURD', 'F_NOHSDP', 'F_UNINSUR', 'F_THEME1', 'F_AGE65', 'F_AGE17', 'F_DISABL', 'F_SNGPNT', 'F_LIMENG', 'F_THEME2', 'F_MINRTY', 'F_THEME3', 'F_MUNIT', 'F_MOBILE', 'F_CROWD', 'F_NOVEH', 'F_GROUPQ', 'F_THEME4', 'F_TOTAL', 'E_DAYPOP', 'E_NOINT', 'M_NOINT', 'E_AFAM', 'M_AFAM', 'E_HISP', 'M_HISP', 'E_ASIAN', 'M_ASIAN', 'E_AIAN', 'M_AIAN', 'E_NHPI', 'M_NHPI', 'E_TWOMORE', 'M_TWOMORE', 'E_OTHERRACE', 'M_OTHERRACE', 'EP_NOINT', 'MP_NOINT', 'EP_AFAM', 'MP_AFAM', 'EP_HISP', 'MP_HISP', 'EP_ASIAN', 'MP_ASIAN', 'EP_AIAN', 'MP_AIAN', 'EP_NHPI', 'MP_NHPI', 'EP_TWOMORE', 'MP_TWOMORE', 'EP_OTHERRACE', 'MP_OTHERRACE']
head:
   ST  STATE ST_ABBR STCNTY           COUNTY         FIPS                                      LOCATION   AREA_SQMI  E_TOTPOP  M_TOTPOP  E_HU  M_HU  E_HH  M_HH  E_POV150  M_POV150  E_UNEMP  M_UNEMP  E_HBURD  M_HBURD  E_NOHSDP  M_NOHSDP  E_UNINSUR  M_UNINSUR  E_AGE65  M_AGE65  E_AGE17  M_AGE17  E_DISABL  M_DISABL  E_SNGPNT  M_SNGPNT  E_LIMENG  M_LIMENG  E_MINRTY  M_MINRTY  E_MUNIT  M_MUNIT  E_MOBILE  M_MOBILE  E_CROWD  M_CROWD  E_NOVEH  M_NOVEH  E_GROUPQ  M_GROUPQ  EP_POV150  MP_POV150  EP_UNEMP  MP_UNEMP  EP_HBURD  MP_HBURD  EP_NOHSDP  MP_NOHSDP  EP_UNINSUR  MP_UNINSUR  EP_AGE65  MP_AGE65  EP_AGE17  MP_AGE17  EP_DISABL  MP_DISABL  EP_SNGPNT  MP_SNGPNT  EP_LIMENG  MP_LIMENG  EP_MINRTY  MP_MINRTY  EP_MUNIT  MP_MUNIT  EP_MOBILE  MP_MOBILE  EP_CROWD  MP_CROWD  EP_NOVEH  MP_NOVEH  EP_GROUPQ  MP_GROUPQ  EPL_POV150  EPL_UNEMP  EPL_HBURD  EPL_NOHSDP  EPL_UNINSUR  SPL_THEME1  RPL_THEME1  EPL_AGE65  EPL_AGE17  EPL_DISABL  EPL_SNGPNT  EPL_LIMENG  SPL_THEME2  RPL_THEME2  EPL_MINRTY  SPL_THEME3  RPL_THEME3  EPL_MUNIT  EPL_MOBILE  EPL_CROWD  EPL_NOVEH  EPL_GROUPQ  SPL_THEME4  RPL_THEME4  SPL_THEMES  RPL_THEMES  F_POV150  F_UNEMP  F_HBURD  F_NOHSDP  F_UNINSUR  F_THEME1  F_AGE65  F_AGE17  F_DISABL  F_SNGPNT  F_LIMENG  F_THEME2  F_MINRTY  F_THEME3  F_MUNIT  F_MOBILE  F_CROWD  F_NOVEH  F_GROUPQ  F_THEME4  F_TOTAL  E_DAYPOP  E_NOINT  M_NOINT  E_AFAM  M_AFAM  E_HISP  M_HISP  E_ASIAN  M_ASIAN  E_AIAN  M_AIAN  E_NHPI  M_NHPI  E_TWOMORE  M_TWOMORE  E_OTHERRACE  M_OTHERRACE  EP_NOINT  MP_NOINT  EP_AFAM  MP_AFAM  EP_HISP  MP_HISP  EP_ASIAN  MP_ASIAN  EP_AIAN  MP_AIAN  EP_NHPI  MP_NHPI  EP_TWOMORE  MP_TWOMORE  EP_OTHERRACE  MP_OTHERRACE
0  48  Texas      TX  48001  Anderson County  48001950100     Census Tract 9501; Anderson County; Texas  186.605650      5268       742  2270   233  1833   249      1292       464      153      122      301      124       323       185       1059        454     1055      203     1186      338      1176       361       135        76        22        83      1207      1007       29       26       627       190      108       88       47       39        37         2       24.7        8.2       7.0       4.4      16.4       6.4        8.7        4.5        20.3         7.3      20.0       4.9      22.5       4.9       22.6        6.1        7.4        4.0        0.5        1.7       22.9       18.8       1.3       1.1       27.6        7.0       5.9       4.7       2.6       2.1        0.7        0.1      0.5669     0.7298     0.2032      0.3863       0.6305      2.5167      0.5050     0.8259     0.3709      0.9386      0.5801      0.1463      2.8618      0.6812      0.1087      0.1087      0.1087     0.3620      0.9185     0.6795     0.4008      0.7411      3.1019      0.8489      8.5891      0.6284         0        0        0         0          0         0        0        0         1         0         0         1         0         0        0         1        0        0         0         1        2      3343      511      183     213     110 

tract FIPS width: {11: 6884}


==============================================================================
2.3 CDC/ATSDR SVI 2020 (Texas tracts)
==============================================================================
--- /Users/chiemeka/DNHacks/Flood/project/scripts/../data/raw/svi_tx_2020.csv ---
rows=6,884  cols=158
columns: ['ST', 'STATE', 'ST_ABBR', 'STCNTY', 'COUNTY', 'FIPS', 'LOCATION', 'AREA_SQMI', 'E_TOTPOP', 'M_TOTPOP', 'E_HU', 'M_HU', 'E_HH', 'M_HH', 'E_POV150', 'M_POV150', 'E_UNEMP', 'M_UNEMP', 'E_HBURD', 'M_HBURD', 'E_NOHSDP', 'M_NOHSDP', 'E_UNINSUR', 'M_UNINSUR', 'E_AGE65', 'M_AGE65', 'E_AGE17', 'M_AGE17', 'E_DISABL', 'M_DISABL', 'E_SNGPNT', 'M_SNGPNT', 'E_LIMENG', 'M_LIMENG', 'E_MINRTY', 'M_MINRTY', 'E_MUNIT', 'M_MUNIT', 'E_MOBILE', 'M_MOBILE', 'E_CROWD', 'M_CROWD', 'E_NOVEH', 'M_NOVEH', 'E_GROUPQ', 'M_GROUPQ', 'EP_POV150', 'MP_POV150', 'EP_UNEMP', 'MP_UNEMP', 'EP_HBURD', 'MP_HBURD', 'EP_NOHSDP', 'MP_NOHSDP', 'EP_UNINSUR', 'MP_UNINSUR', 'EP_AGE65', 'MP_AGE65', 'EP_AGE17', 'MP_AGE17', 'EP_DISABL', 'MP_DISABL', 'EP_SNGPNT', 'MP_SNGPNT', 'EP_LIMENG', 'MP_LIMENG', 'EP_MINRTY', 'MP_MINRTY', 'EP_MUNIT', 'MP_MUNIT', 'EP_MOBILE', 'MP_MOBILE', 'EP_CROWD', 'MP_CROWD', 'EP_NOVEH', 'MP_NOVEH', 'EP_GROUPQ', 'MP_GROUPQ', 'EPL_POV150', 'EPL_UNEMP', 'EPL_HBURD', 'EPL_NOHSDP', 'EPL_UNINSUR', 'SPL_THEME1', 'RPL_THEME1', 'EPL_AGE65', 'EPL_AGE17', 'EPL_DISABL', 'EPL_SNGPNT', 'EPL_LIMENG', 'SPL_THEME2', 'RPL_THEME2', 'EPL_MINRTY', 'SPL_THEME3', 'RPL_THEME3', 'EPL_MUNIT', 'EPL_MOBILE', 'EPL_CROWD', 'EPL_NOVEH', 'EPL_GROUPQ', 'SPL_THEME4', 'RPL_THEME4', 'SPL_THEMES', 'RPL_THEMES', 'F_POV150', 'F_UNEMP', 'F_HBURD', 'F_NOHSDP', 'F_UNINSUR', 'F_THEME1', 'F_AGE65', 'F_AGE17', 'F_DISABL', 'F_SNGPNT', 'F_LIMENG', 'F_THEME2', 'F_MINRTY', 'F_THEME3', 'F_MUNIT', 'F_MOBILE', 'F_CROWD', 'F_NOVEH', 'F_GROUPQ', 'F_THEME4', 'F_TOTAL', 'E_DAYPOP', 'E_NOINT', 'M_NOINT', 'E_AFAM', 'M_AFAM', 'E_HISP', 'M_HISP', 'E_ASIAN', 'M_ASIAN', 'E_AIAN', 'M_AIAN', 'E_NHPI', 'M_NHPI', 'E_TWOMORE', 'M_TWOMORE', 'E_OTHERRACE', 'M_OTHERRACE', 'EP_NOINT', 'MP_NOINT', 'EP_AFAM', 'MP_AFAM', 'EP_HISP', 'MP_HISP', 'EP_ASIAN', 'MP_ASIAN', 'EP_AIAN', 'MP_AIAN', 'EP_NHPI', 'MP_NHPI', 'EP_TWOMORE', 'MP_TWOMORE', 'EP_OTHERRACE', 'MP_OTHERRACE']
head:
   ST  STATE ST_ABBR STCNTY    COUNTY         FIPS                                      LOCATION   AREA_SQMI  E_TOTPOP  M_TOTPOP  E_HU  M_HU  E_HH  M_HH  E_POV150  M_POV150  E_UNEMP  M_UNEMP  E_HBURD  M_HBURD  E_NOHSDP  M_NOHSDP  E_UNINSUR  M_UNINSUR  E_AGE65  M_AGE65  E_AGE17  M_AGE17  E_DISABL  M_DISABL  E_SNGPNT  M_SNGPNT  E_LIMENG  M_LIMENG  E_MINRTY  M_MINRTY  E_MUNIT  M_MUNIT  E_MOBILE  M_MOBILE  E_CROWD  M_CROWD  E_NOVEH  M_NOVEH  E_GROUPQ  M_GROUPQ  EP_POV150  MP_POV150  EP_UNEMP  MP_UNEMP  EP_HBURD  MP_HBURD  EP_NOHSDP  MP_NOHSDP  EP_UNINSUR  MP_UNINSUR  EP_AGE65  MP_AGE65  EP_AGE17  MP_AGE17  EP_DISABL  MP_DISABL  EP_SNGPNT  MP_SNGPNT  EP_LIMENG  MP_LIMENG  EP_MINRTY  MP_MINRTY  EP_MUNIT  MP_MUNIT  EP_MOBILE  MP_MOBILE  EP_CROWD  MP_CROWD  EP_NOVEH  MP_NOVEH  EP_GROUPQ  MP_GROUPQ  EPL_POV150  EPL_UNEMP  EPL_HBURD  EPL_NOHSDP  EPL_UNINSUR  SPL_THEME1  RPL_THEME1  EPL_AGE65  EPL_AGE17  EPL_DISABL  EPL_SNGPNT  EPL_LIMENG  SPL_THEME2  RPL_THEME2  EPL_MINRTY  SPL_THEME3  RPL_THEME3  EPL_MUNIT  EPL_MOBILE  EPL_CROWD  EPL_NOVEH  EPL_GROUPQ  SPL_THEME4  RPL_THEME4  SPL_THEMES  RPL_THEMES  F_POV150  F_UNEMP  F_HBURD  F_NOHSDP  F_UNINSUR  F_THEME1  F_AGE65  F_AGE17  F_DISABL  F_SNGPNT  F_LIMENG  F_THEME2  F_MINRTY  F_THEME3  F_MUNIT  F_MOBILE  F_CROWD  F_NOVEH  F_GROUPQ  F_THEME4  F_TOTAL  E_DAYPOP  E_NOINT  M_NOINT  E_AFAM  M_AFAM  E_HISP  M_HISP  E_ASIAN  M_ASIAN  E_AIAN  M_AIAN  E_NHPI  M_NHPI  E_TWOMORE  M_TWOMORE  E_OTHERRACE  M_OTHERRACE  EP_NOINT  MP_NOINT  EP_AFAM  MP_AFAM  EP_HISP  MP_HISP  EP_ASIAN  MP_ASIAN  EP_AIAN  MP_AIAN  EP_NHPI  MP_NHPI  EP_TWOMORE  MP_TWOMORE  EP_OTHERRACE  MP_OTHERRACE
0  48  Texas      TX  48001  Anderson  48001950100     Census Tract 9501, Anderson County, Texas  186.605650      4958       736  2411   229  1779   243      1210       464      165      140      343      135       296       166        557        290      920      201     1288      343      1013       357       164        83        57        81      1147       416       44       33       734       208       88       54       39       30        45        20       24.7        8.7       8.2       5.8      19.3       7.1        8.7        4.5        11.3         5.0      18.6       4.5      26.0       5.7       20.6        6.1        9.2        4.5        1.3        1.8       23.1        7.7       1.8       1.4       30.4        6.9       4.9       3.0       2.2       1.7        0.9        0.4      0.5524     0.8016     0.2918      0.3688       0.3149      2.3295      0.4500     0.7918     0.5454      0.9090      0.6640      0.2735      3.1837      0.8280      0.1354      0.1354      0.1354     0.4010      0.9307     0.6232     0.3728      0.7801      3.1078      0.8482      8.7564      0.6448         0        0        0         0          0         0        0        0         1         0         0         1         0         0        0         1        0        0         0         1        2      3364     1115     1041     267     160     409     27

tract FIPS width: {11: 6884}


==============================================================================
2.3 CDC/ATSDR SVI 2018 (Texas tracts)
==============================================================================
--- /Users/chiemeka/DNHacks/Flood/project/scripts/../data/raw/svi_tx_2018.csv ---
rows=5,254  cols=124
columns: ['ST', 'STATE', 'ST_ABBR', 'STCNTY', 'COUNTY', 'FIPS', 'LOCATION', 'AREA_SQMI', 'E_TOTPOP', 'M_TOTPOP', 'E_HU', 'M_HU', 'E_HH', 'M_HH', 'E_POV', 'M_POV', 'E_UNEMP', 'M_UNEMP', 'E_PCI', 'M_PCI', 'E_NOHSDP', 'M_NOHSDP', 'E_AGE65', 'M_AGE65', 'E_AGE17', 'M_AGE17', 'E_DISABL', 'M_DISABL', 'E_SNGPNT', 'M_SNGPNT', 'E_MINRTY', 'M_MINRTY', 'E_LIMENG', 'M_LIMENG', 'E_MUNIT', 'M_MUNIT', 'E_MOBILE', 'M_MOBILE', 'E_CROWD', 'M_CROWD', 'E_NOVEH', 'M_NOVEH', 'E_GROUPQ', 'M_GROUPQ', 'EP_POV', 'MP_POV', 'EP_UNEMP', 'MP_UNEMP', 'EP_PCI', 'MP_PCI', 'EP_NOHSDP', 'MP_NOHSDP', 'EP_AGE65', 'MP_AGE65', 'EP_AGE17', 'MP_AGE17', 'EP_DISABL', 'MP_DISABL', 'EP_SNGPNT', 'MP_SNGPNT', 'EP_MINRTY', 'MP_MINRTY', 'EP_LIMENG', 'MP_LIMENG', 'EP_MUNIT', 'MP_MUNIT', 'EP_MOBILE', 'MP_MOBILE', 'EP_CROWD', 'MP_CROWD', 'EP_NOVEH', 'MP_NOVEH', 'EP_GROUPQ', 'MP_GROUPQ', 'EPL_POV', 'EPL_UNEMP', 'EPL_PCI', 'EPL_NOHSDP', 'SPL_THEME1', 'RPL_THEME1', 'EPL_AGE65', 'EPL_AGE17', 'EPL_DISABL', 'EPL_SNGPNT', 'SPL_THEME2', 'RPL_THEME2', 'EPL_MINRTY', 'EPL_LIMENG', 'SPL_THEME3', 'RPL_THEME3', 'EPL_MUNIT', 'EPL_MOBILE', 'EPL_CROWD', 'EPL_NOVEH', 'EPL_GROUPQ', 'SPL_THEME4', 'RPL_THEME4', 'SPL_THEMES', 'RPL_THEMES', 'F_POV', 'F_UNEMP', 'F_PCI', 'F_NOHSDP', 'F_THEME1', 'F_AGE65', 'F_AGE17', 'F_DISABL', 'F_SNGPNT', 'F_THEME2', 'F_MINRTY', 'F_LIMENG', 'F_THEME3', 'F_MUNIT', 'F_MOBILE', 'F_CROWD', 'F_NOVEH', 'F_GROUPQ', 'F_THEME4', 'F_TOTAL', 'E_UNINSUR', 'M_UNINSUR', 'EP_UNINSUR', 'MP_UNINSUR', 'E_DAYPOP']
head:
   ST  STATE ST_ABBR STCNTY    COUNTY         FIPS                                      LOCATION   AREA_SQMI  E_TOTPOP  M_TOTPOP  E_HU  M_HU  E_HH  M_HH  E_POV  M_POV  E_UNEMP  M_UNEMP  E_PCI  M_PCI  E_NOHSDP  M_NOHSDP  E_AGE65  M_AGE65  E_AGE17  M_AGE17  E_DISABL  M_DISABL  E_SNGPNT  M_SNGPNT  E_MINRTY  M_MINRTY  E_LIMENG  M_LIMENG  E_MUNIT  M_MUNIT  E_MOBILE  M_MOBILE  E_CROWD  M_CROWD  E_NOVEH  M_NOVEH  E_GROUPQ  M_GROUPQ  EP_POV  MP_POV  EP_UNEMP  MP_UNEMP   EP_PCI  MP_PCI  EP_NOHSDP  MP_NOHSDP  EP_AGE65  MP_AGE65  EP_AGE17  MP_AGE17  EP_DISABL  MP_DISABL  EP_SNGPNT  MP_SNGPNT  EP_MINRTY  MP_MINRTY  EP_LIMENG  MP_LIMENG  EP_MUNIT  MP_MUNIT  EP_MOBILE  MP_MOBILE  EP_CROWD  MP_CROWD  EP_NOVEH  MP_NOVEH  EP_GROUPQ  MP_GROUPQ  EPL_POV  EPL_UNEMP  EPL_PCI  EPL_NOHSDP  SPL_THEME1  RPL_THEME1  EPL_AGE65  EPL_AGE17  EPL_DISABL  EPL_SNGPNT  SPL_THEME2  RPL_THEME2  EPL_MINRTY  EPL_LIMENG  SPL_THEME3  RPL_THEME3  EPL_MUNIT  EPL_MOBILE  EPL_CROWD  EPL_NOVEH  EPL_GROUPQ  SPL_THEME4  RPL_THEME4  SPL_THEMES  RPL_THEMES  F_POV  F_UNEMP  F_PCI  F_NOHSDP  F_THEME1  F_AGE65  F_AGE17  F_DISABL  F_SNGPNT  F_THEME2  F_MINRTY  F_LIMENG  F_THEME3  F_MUNIT  F_MOBILE  F_CROWD  F_NOVEH  F_GROUPQ  F_THEME4  F_TOTAL  E_UNINSUR  M_UNINSUR  EP_UNINSUR  MP_UNINSUR  E_DAYPOP
0  48  TEXAS      TX  48001  Anderson  48001950100     Census Tract 9501, Anderson County, Texas  186.605851      5164       525  2455   131  1846   154    827    358       65       65  26849   2826       386       129     1003      137     1368      290       729       154       137        76      1045       703        60        94       20       16       642       132      100       45       46       35        48        22    16.2     6.3       3.1       3.1  26849.0  2826.0       10.9        3.5      19.4       2.9      26.5       4.9       14.2        3.0        7.4        4.1       20.2       13.5        1.3        2.0       0.8       0.7       26.2        4.9       5.4       2.4       2.5       1.8        0.9        0.4   0.5715     0.2288   0.4628      0.3743      1.6374      0.3853     0.8485     0.5530      0.6637      0.3648      2.4300      0.7610      0.1077      0.2085      0.3162      0.1308     0.2846      0.9075     0.6370     0.3280      0.7383      2.8954      0.7545      7.2790      0.4965      0        0      0         0         0        0        0         0         0         0         0         0         0        0         1        0        0         0         1        1        606        199        11.8         3.7      3098
1  48  TEXAS      TX  48001  Anderson  48001950401  Census Tract 9504.01, Anderson County, Texas    6.389922      4872       263    96    28    81    30      3      5        0       13   2520    659      1061       147       49       34      136       62        12        12         8        18      3140       348        36        56        0       18         8        14        5       14        0       13      4575       261     1.0     1.6       0.0      28.6  

tract FIPS width: {11: 5254}


==============================================================================
2.4 IRS SOI county data (TX, tax year 2023)
==============================================================================
--- /Users/chiemeka/DNHacks/Flood/project/scripts/../data/raw/irs_soi_tx.csv ---
rows=254  cols=169
columns: ['STATEFIPS', 'STATE', 'COUNTYFIPS', 'COUNTYNAME', 'AGI_STUB', 'N1', 'MARS1', 'MARS2', 'MARS4', 'ELF', 'CPREP', 'PREP', 'DIR_DEP', 'VRTCRIND', 'N2', 'TOTAL_VITA', 'VITA', 'TCE', 'VITA_EIC', 'RAC', 'ELDERLY', 'A00100', 'N02650', 'A02650', 'N00200', 'A00200', 'N00300', 'A00300', 'N00400', 'A00400', 'N00600', 'A00600', 'N00650', 'A00650', 'N00700', 'A00700', 'N00900', 'A00900', 'N01000', 'A01000', 'N01400', 'A01400', 'N01700', 'A01700', 'SCHF', 'N02300', 'A02300', 'N02500', 'A02500', 'N26270', 'A26270', 'N25870', 'A25870', 'N02900', 'A02900', 'N03220', 'A03220', 'N03300', 'A03300', 'N03270', 'A03270', 'N03150', 'A03150', 'N03210', 'A03210', 'N04450', 'A04450', 'N04100', 'A04100', 'N04200', 'A04200', 'N04470', 'A04470', 'A00101', 'N17000', 'A17000', 'N18425', 'A18425', 'N18450', 'A18450', 'N18500', 'A18500', 'N18800', 'A18800', 'N18460', 'A18460', 'N18300', 'A18300', 'N19300', 'A19300', 'N19500', 'A19500', 'N19530', 'A19530', 'N19570', 'A19570', 'N19700', 'A19700', 'N20950', 'A20950', 'N04475', 'A04475', 'N04800', 'A04800', 'N05800', 'A05800', 'N09600', 'A09600', 'N05780', 'A05780', 'N07100', 'A07100', 'N07300', 'A07300', 'N07180', 'A07180', 'N07230', 'A07230', 'N07240', 'A07240', 'N07225', 'A07225', 'N07262', 'A07262', 'N07265', 'A07265', 'N09400', 'A09400', 'N85770', 'A85770', 'N85775', 'A85775', 'N10600', 'A10600', 'N59660', 'A59660', 'N59661', 'A59661', 'N59662', 'A59662', 'N59663', 'A59663', 'N59664', 'A59664', 'N59720', 'A59720', 'N11070', 'A11070', 'N10960', 'A10960', 'N11560', 'A11560', 'N06500', 'A06500', 'N10300', 'A10300', 'N85530', 'A85530', 'N85300', 'A85300', 'N11901', 'A11901', 'N11900', 'A11900', 'N11902', 'A11902', 'N12000', 'A12000', 'fips_county']
head:
     STATEFIPS STATE COUNTYFIPS       COUNTYNAME AGI_STUB          N1       MARS1       MARS2      MARS4         ELF      CPREP        PREP     DIR_DEP  VRTCRIND          N2 TOTAL_VITA     VITA       TCE VITA_EIC        RAC    ELDERLY        A00100      N02650        A02650      N00200        A00200     N00300      A00300    N00400     A00400     N00600      A00600     N00650      A00650   N00700   A00700     N00900      A00900     N01000      A01000     N01400      A01400     N01700       A01700       SCHF    N02300     A02300     N02500      A02500     N26270       A26270     N25870      A25870     N02900      A02900     N03220    A03220   N03300     A03300    N03270     A03270    N03150     A03150    N03210    A03210      N04450       A04450      N04100       A04100     N04200      A04200     N04470      A04470       A00101    N17000      A17000   N18425    A18425     N18450     A18450     N18500     A18500    N18800     A18800     N18460     A18460     N18300     A18300    N19300     A19300  N19500  A19500  N19530  A19530   N19570     A19570     N19700      A19700    N20950     A20950     N04475      A04475      N04800        A04800      N05800       A05800  N09600  A09600     N05780     A05780      N07100      A07100     N07300    A07300     N07180    A07180     N07230     A07230     N07240    A07240      N07225      A07225    N07262     A07262    N07265    A07265     N09400      A09400     N85770      A85770     N85775      A85775      N10600       A10600     N59660      A59660     N59661    A59661     N59662     A59662     N59663      A59663     N59664     A59664     N59720      A59720     N11070      A11070     N10960     A10960    N11560    A11560      N06500       A06500      N10300       A10300    N85530    A85530    N85300     A85300     N11901      A11901      N11900       A11900      N11902      A11902    N12000      A12000 fips_county
2568        48    TX        001  Anderson County        0  20290.0000   8930.0000   7770.0000  3220.0000  19000.0000   570.0000  11060.0000  13990.0000  150.0000  40320.0000     0.0000   0.0000    0.0000   0.0000  4680.0000  5960.0000  1257624.0000  19990.0000  1267139.0000  15800.0000   882546.0000  4820.0000  16838.0000  480.0000  3607.0000  2750.0000  23873.0000  2510.0000  15008.0000   0.0000   0.0000  4000.0000  14669.0000  2620.0000  55158.0000  1860.0000  44904.0000  4370.0000  122631.0000  1840.0000  340.0000  1804.0000  3680.0000  61668.0000   780.0000   37056.0000  1400.0000  14635.0000  3630.0000   9515.0000   590.0000  185.0000  30.0000   906.0000  330.0000  2311.0000  170.0000   938.0000  480.0000  312.0000  18580.0000  383025.0000  18580.0000  374000.0000  4030.0000   9028.0000  1050.0000  41543.0000  205182.0000  670.0000  16815.0000  40.0000  288.0000   920.0000  1750.0000   770.0000  4203.0000  420.0000  1068.0000  1010.0000  6489.0000  1010.0000  6659.0000  370.0000  4001.0000  0.0000  0.0000  0.0000  0.0000  30.0000   359.0000   810.0000  11026.0000   40.0000  1127.0000  2010.0000  


==============================================================================
2.4 IRS SOI county data (TX, tax year 2023)
==============================================================================
--- /Users/chiemeka/DNHacks/Flood/project/scripts/../data/raw/irs_soi_tx.csv ---
rows=254  cols=169
columns: ['STATEFIPS', 'STATE', 'COUNTYFIPS', 'COUNTYNAME', 'AGI_STUB', 'N1', 'MARS1', 'MARS2', 'MARS4', 'ELF', 'CPREP', 'PREP', 'DIR_DEP', 'VRTCRIND', 'N2', 'TOTAL_VITA', 'VITA', 'TCE', 'VITA_EIC', 'RAC', 'ELDERLY', 'A00100', 'N02650', 'A02650', 'N00200', 'A00200', 'N00300', 'A00300', 'N00400', 'A00400', 'N00600', 'A00600', 'N00650', 'A00650', 'N00700', 'A00700', 'N00900', 'A00900', 'N01000', 'A01000', 'N01400', 'A01400', 'N01700', 'A01700', 'SCHF', 'N02300', 'A02300', 'N02500', 'A02500', 'N26270', 'A26270', 'N25870', 'A25870', 'N02900', 'A02900', 'N03220', 'A03220', 'N03300', 'A03300', 'N03270', 'A03270', 'N03150', 'A03150', 'N03210', 'A03210', 'N04450', 'A04450', 'N04100', 'A04100', 'N04200', 'A04200', 'N04470', 'A04470', 'A00101', 'N17000', 'A17000', 'N18425', 'A18425', 'N18450', 'A18450', 'N18500', 'A18500', 'N18800', 'A18800', 'N18460', 'A18460', 'N18300', 'A18300', 'N19300', 'A19300', 'N19500', 'A19500', 'N19530', 'A19530', 'N19570', 'A19570', 'N19700', 'A19700', 'N20950', 'A20950', 'N04475', 'A04475', 'N04800', 'A04800', 'N05800', 'A05800', 'N09600', 'A09600', 'N05780', 'A05780', 'N07100', 'A07100', 'N07300', 'A07300', 'N07180', 'A07180', 'N07230', 'A07230', 'N07240', 'A07240', 'N07225', 'A07225', 'N07262', 'A07262', 'N07265', 'A07265', 'N09400', 'A09400', 'N85770', 'A85770', 'N85775', 'A85775', 'N10600', 'A10600', 'N59660', 'A59660', 'N59661', 'A59661', 'N59662', 'A59662', 'N59663', 'A59663', 'N59664', 'A59664', 'N59720', 'A59720', 'N11070', 'A11070', 'N10960', 'A10960', 'N11560', 'A11560', 'N06500', 'A06500', 'N10300', 'A10300', 'N85530', 'A85530', 'N85300', 'A85300', 'N11901', 'A11901', 'N11900', 'A11900', 'N11902', 'A11902', 'N12000', 'A12000', 'fips_county']
head:
     STATEFIPS STATE COUNTYFIPS       COUNTYNAME AGI_STUB          N1       MARS1       MARS2      MARS4         ELF      CPREP        PREP     DIR_DEP  VRTCRIND          N2 TOTAL_VITA     VITA       TCE VITA_EIC        RAC    ELDERLY        A00100      N02650        A02650      N00200        A00200     N00300      A00300    N00400     A00400     N00600      A00600     N00650      A00650   N00700   A00700     N00900      A00900     N01000      A01000     N01400      A01400     N01700       A01700       SCHF    N02300     A02300     N02500      A02500     N26270       A26270     N25870      A25870     N02900      A02900     N03220    A03220   N03300     A03300    N03270     A03270    N03150     A03150    N03210    A03210      N04450       A04450      N04100       A04100     N04200      A04200     N04470      A04470       A00101    N17000      A17000   N18425    A18425     N18450     A18450     N18500     A18500    N18800     A18800     N18460     A18460     N18300     A18300    N19300     A19300  N19500  A19500  N19530  A19530   N19570     A19570     N19700      A19700    N20950     A20950     N04475      A04475      N04800        A04800      N05800       A05800  N09600  A09600     N05780     A05780      N07100      A07100     N07300    A07300     N07180    A07180     N07230     A07230     N07240    A07240      N07225      A07225    N07262     A07262    N07265    A07265     N09400      A09400     N85770      A85770     N85775      A85775      N10600       A10600     N59660      A59660     N59661    A59661     N59662     A59662     N59663      A59663     N59664     A59664     N59720      A59720     N11070      A11070     N10960     A10960    N11560    A11560      N06500       A06500      N10300       A10300    N85530    A85530    N85300     A85300     N11901      A11901      N11900       A11900      N11902      A11902    N12000      A12000 fips_county
2568        48    TX        001  Anderson County        0  20290.0000   8930.0000   7770.0000  3220.0000  19000.0000   570.0000  11060.0000  13990.0000  150.0000  40320.0000     0.0000   0.0000    0.0000   0.0000  4680.0000  5960.0000  1257624.0000  19990.0000  1267139.0000  15800.0000   882546.0000  4820.0000  16838.0000  480.0000  3607.0000  2750.0000  23873.0000  2510.0000  15008.0000   0.0000   0.0000  4000.0000  14669.0000  2620.0000  55158.0000  1860.0000  44904.0000  4370.0000  122631.0000  1840.0000  340.0000  1804.0000  3680.0000  61668.0000   780.0000   37056.0000  1400.0000  14635.0000  3630.0000   9515.0000   590.0000  185.0000  30.0000   906.0000  330.0000  2311.0000  170.0000   938.0000  480.0000  312.0000  18580.0000  383025.0000  18580.0000  374000.0000  4030.0000   9028.0000  1050.0000  41543.0000  205182.0000  670.0000  16815.0000  40.0000  288.0000   920.0000  1750.0000   770.0000  4203.0000  420.0000  1068.0000  1010.0000  6489.0000  1010.0000  6659.0000  370.0000  4001.0000  0.0000  0.0000  0.0000  0.0000  30.0000   359.0000   810.0000  11026.0000   40.0000  1127.0000  2010.0000  


==============================================================================
2.5 USDA Rural-Urban Continuum Codes 2023 (TX)
==============================================================================
--- /Users/chiemeka/DNHacks/Flood/project/scripts/../data/raw/rucc.csv ---
rows=254  cols=6
columns: ['fips_county', 'State', 'County_Name', 'Description', 'Population_2020', 'RUCC_2023']
head:
     fips_county State      County_Name                                                                   Description Population_2020 RUCC_2023
2525       48001    TX  Anderson County  Nonmetro - Urban population of 5,000 to 20,000, not adjacent to a metro area           57922         7
2526       48003    TX   Andrews County      Nonmetro - Urban population of 5,000 to 20,000, adjacent to a metro area           18610         6
2527       48005    TX  Angelina County   Nonmetro - Urban population of 20,000 or more, not adjacent to a metro area           86395         5
2528       48007    TX   Aransas County            Metro - Counties in metro areas of 250,000 to 1 million population           23830         2
2529       48009    TX    Archer County              Metro - Counties in metro areas of fewer than 250,000 population            8560         3


==============================================================================
2.2 ACS 5-year tract estimates (Texas)
==============================================================================
--- /Users/chiemeka/DNHacks/Flood/project/scripts/../data/raw/acs_tract.csv ---
rows=6,896  cols=8
columns: ['tract_fips', 'acs_median_hh_income', 'acs_occupied_units', 'acs_owner_occupied', 'acs_renter_occupied', 'acs_total_pop', 'acs_pop_65plus', 'fips_county']
head:
    tract_fips  acs_median_hh_income  acs_occupied_units  acs_owner_occupied  acs_renter_occupied  acs_total_pop  acs_pop_65plus fips_county
0  48001950100                 67344                1927                1660                  267           5359             868       48001
1  48001950401                 98750                  26                  17                    9           4196             143       48001
2  48001950402            -666666666                   0                   0                    0           5848             112       48001
3  48001950500                 59358                1425                1010                  415           4544             816       48001
4  48001950600                 44250                1948                1117                  831           5292             748       48001

age-65+ bins summed: ['B01001_E020', 'B01001_E021', 'B01001_E022', 'B01001_E023', 'B01001_E024', 'B01001_E025', 'B01001_E044', 'B01001_E045', 'B01001_E046', 'B01001_E047', 'B01001_E048', 'B01001_E049']
source: ACS 2019-2023 5-year table-based Summary File (www2.census.gov, keyless)


==============================================================================
2.0 OpenFEMA entity confirmation
==============================================================================
DisasterDeclarationsSummaries: versions/deprecation=[(2, None, None)]
HousingAssistanceOwners: versions/deprecation=[(2, None, None)]
IndividualsAndHouseholdsProgramValidRegistrations: versions/deprecation=[(2, None, None)]

==============================================================================
2.1a OpenFEMA disaster declarations (TX)
==============================================================================
--- /Users/chiemeka/DNHacks/Flood/project/scripts/../data/raw/openfema_declarations_tx.csv ---
rows=5,444  cols=29
columns: ['femaDeclarationString', 'disasterNumber', 'state', 'declarationType', 'declarationDate', 'fyDeclared', 'incidentType', 'declarationTitle', 'ihProgramDeclared', 'iaProgramDeclared', 'paProgramDeclared', 'hmProgramDeclared', 'incidentBeginDate', 'incidentEndDate', 'disasterCloseoutDate', 'tribalRequest', 'fipsStateCode', 'fipsCountyCode', 'placeCode', 'designatedArea', 'declarationRequestNumber', 'declarationRequestDate', 'lastIAFilingDate', 'incidentId', 'region', 'designatedIncidentTypes', 'lastRefresh', 'hash', 'id']
head:
  femaDeclarationString  disasterNumber state declarationType           declarationDate  fyDeclared  incidentType                     declarationTitle  ihProgramDeclared  iaProgramDeclared  paProgramDeclared  hmProgramDeclared         incidentBeginDate           incidentEndDate      disasterCloseoutDate  tribalRequest fipsStateCode fipsCountyCode placeCode     designatedArea declarationRequestNumber    declarationRequestDate          lastIAFilingDate  incidentId  region designatedIncidentTypes               lastRefresh                                      hash                                    id
0            DR-1606-TX            1606    TX              DR  2005-09-24T00:00:00.000Z        2005     Hurricane                       HURRICANE RITA               True               True               True               True  2005-09-23T00:00:00.000Z  2005-10-14T00:00:00.000Z  2019-12-01T00:00:00.000Z          False            48            471     99471    Walker (County)                     5140  2005-09-20T00:00:00.000Z  2006-04-10T00:00:00.000Z  2005091801       6                     NaN  2026-08-20T20:50:08.994Z  26060863600ca4f8aa68106b04a7698662bc4741  00068861-e2a4-46b7-8e91-23476a879d58
1            DR-4572-TX            4572    TX              DR  2020-12-09T00:00:00.000Z        2021     Hurricane                      HURRICANE LAURA              False              False               True               True  2020-08-23T00:00:00.000Z  2020-08-27T00:00:00.000Z                       NaN          False            48            361     99361    Orange (County)                    20305  2020-09-30T00:00:00.000Z                       NaN  2020081804       6                     NaN  2026-08-20T20:50:08.994Z  73a352d17645653848dc16218d02199e71d80fd9  00204a32-c5af-4c88-a54e-ab4c56e2939c
2             DR-828-TX             828    TX              DR  1989-05-19T00:00:00.000Z        1989  Severe Storm  SEVERE STORMS, TORNADOES & FLOODING              False               True               True              False  1989-05-04T00:00:00.000Z  1989-06-07T00:00:00.000Z  1998-03-03T00:00:00.000Z          False            48            365     99365    Panola (County)                    89012  1989-05-15T00:00:00.000Z                       NaN       89012       6                   F,T,W  2026-08-20T20:50:08.994Z  9ecd0998fd8ae4d7f4c52b1bd1b83873bf0aa004  002f1532-2f8c-4baf-80be-8d6b9a615556
3            DR-4798-TX            4798    TX              DR  2024-07-09T00:00:00.000Z        2024     Hurricane                      HURRICANE BERYL              False              False               True               True  2024-07-05T00:00:00.000Z  2024-07-09T00:00:00.000Z                       NaN          False            48            285     99285    Lavaca (County)                    24081  2024-07-09T00:00:00.000Z  2024-10-10T00:00:00.000Z  2024070302       6                       H  2026-08-20T20:50:08.994Z  ae4cad2d6982466f19c97b15aa40ac1dba91f490  00404a8a-948


==============================================================================
2.1b OpenFEMA IA valid registrations
==============================================================================
--- /Users/chiemeka/DNHacks/Flood/project/scripts/../data/raw/openfema_ia_registrations.csv ---
rows=384,217  cols=19
columns: ['id', 'disasterNumber', 'censusGeoid', 'fips', 'county', 'damagedZipCode', 'ihpAmount', 'ihpEligible', 'haAmount', 'onaAmount', 'ownRent', 'grossIncome', 'occupants65andOver', 'floodDamage', 'floodDamageAmount', 'waterLevel', 'destroyed', 'residenceType', 'primaryResidence']
head:
           id  disasterNumber   censusGeoid     fips              county  damagedZipCode  ihpAmount  ihpEligible  haAmount  onaAmount ownRent        grossIncome occupants65andOver  floodDamage  floodDamageAmount  waterLevel  destroyed residenceType primaryResidence
0  2402228158            4879  484510017022  48451.0  Tom Green (County)           76901    1331.39         True      0.00    1331.39       O           <$15,000                  0         True             261.39           1      False             H             True
1  2402228159            4879  484530022182  48453.0     Travis (County)           78653       0.00        False      0.00       0.00       O  $120,001-$175,000                  0        False               0.00           0      False             H             True
2  2402228160            4879  484510001001  48451.0  Tom Green (County)           76903   21620.60         True  18454.11    3166.49       O   $60,001-$120,000                  0         True           10865.58           4      False             H             True
3  2402228161            4879  482659606013  48265.0       Kerr (County)           78028       0.00        False      0.00       0.00       O    $30,001-$60,000                  0        False               0.00           0      False             H             True
4  2402228162            4879           NaN      NaN       Kerr (County)           78058    2409.14         True    869.14    1540.00       O    $30,001-$60,000                  1         True             869.14           1      False             H             True

censusGeoid coverage: 93.9% (360,629/384,217 rows)
per-disaster counts:
disasterNumber
4266      4317
4269     26428
4272     13064
4377     11738
4454      5809
4466     25981
4781    269538
4871     18707
4879      8635

==============================================================================
N.1 National flood declarations with IA (FY2015+)
==============================================================================
--- /Users/chiemeka/DNHacks/Flood/project/scripts/../data/raw/openfema_declarations_national.csv ---
rows=727  cols=30
columns: ['femaDeclarationString', 'disasterNumber', 'state', 'declarationType', 'declarationDate', 'fyDeclared', 'incidentType', 'declarationTitle', 'ihProgramDeclared', 'iaProgramDeclared', 'paProgramDeclared', 'hmProgramDeclared', 'incidentBeginDate', 'incidentEndDate', 'disasterCloseoutDate', 'tribalRequest', 'fipsStateCode', 'fipsCountyCode', 'placeCode', 'designatedArea', 'declarationRequestNumber', 'declarationRequestDate', 'lastIAFilingDate', 'incidentId', 'region', 'designatedIncidentTypes', 'lastRefresh', 'hash', 'id', 'fips_county']
head:
  femaDeclarationString  disasterNumber state declarationType           declarationDate  fyDeclared incidentType                                        declarationTitle  ihProgramDeclared  iaProgramDeclared  paProgramDeclared  hmProgramDeclared         incidentBeginDate           incidentEndDate disasterCloseoutDate  tribalRequest fipsStateCode fipsCountyCode placeCode         designatedArea declarationRequestNumber    declarationRequestDate          lastIAFilingDate  incidentId  region designatedIncidentTypes               lastRefresh                                      hash                                    id fips_county
0            DR-4420-NE            4420    NE              DR  2019-03-21T00:00:00.000Z        2019        Flood  SEVERE WINTER STORM, STRAIGHT-LINE WINDS, AND FLOODING               True              False               True               True  2019-03-09T00:00:00.000Z  2019-07-14T00:00:00.000Z                  NaN          False            31            037     99037        Colfax (County)                    19009  2019-03-19T00:00:00.000Z  2019-09-13T00:00:00.000Z  2019031901       7                     NaN  2026-08-20T20:50:08.994Z  8641f3cc3b5ea58cf875c016567300357203f10e  000ff847-65df-41b3-8567-35b3b923b847       31037
1            DR-4873-AR            4873    AR              DR  2025-05-21T00:00:00.000Z        2025        Flood                  SEVERE STORMS, TORNADOES, AND FLOODING               True              False               True              False  2025-04-02T00:00:00.000Z  2025-04-22T00:00:00.000Z                  NaN          False            05            121     99121      Randolph (County)                    25061  2025-05-03T00:00:00.000Z  2025-07-22T00:00:00.000Z  2025050301       6                   F,T,W  2026-08-20T20:50:08.994Z  1fd43cdfa3474dbf18e03f851a02036905bc26c5  008e9945-dfc2-4784-9448-ae45b80b5f8c       05121
2            DR-4925-MI            4925    MI              DR  2026-06-30T00:00:00.000Z        2026        Flood                  SEVERE STORMS, TORNADOES, AND FLOODING               True              False               True              False  2026-04-10T00:00:00.000Z  2026-04-21T00:00:00.000Z                  NaN          False            26            141     99141  Presque Isle (County)                    26075  2026-06-04T00:00:00.000Z  2026-08-31T00:00:00.000Z  2026050101       5                   F,T,W  2026-08-20T20:50:08.994Z  461756a3fb26f66e1a8699a036d735168129f3a8  00b9f84b-dc1d-40af-9b5e-a68e68925228       26141
3            DR-4441-AR            4441    AR              DR  2019-06-08T00:00:00.000Z        2019        Flood                              SEVERE STORMS AND FLOODING               True              False               True               True  2019-05-21T00:00:00.000Z  2019-06-14T00:00:00.000Z                  NaN          False            05            119     99119       Pulaski (County)                    19036  2019-06-06T00:00:00.000Z  2019-08-07T00:00:

incidents with >=3 IA counties: 52
[4217, 4241, 4250, 4263, 4266, 4268, 4269, 4272, 4273, 4277, 4290, 4317, 4363, 4377, 4402, 4420, 4421, 4440, 4441, 4454, 4466, 4595, 4605, 4606, 4609, 4635, 4649, 4655, 4663, 4665, 4683, 4720, 4730, 4756, 4757, 4781, 4787, 4797, 4807, 4819, 4826, 4871, 4873, 4879, 4892, 4893, 4906, 4909, 4923, 4925, 4932, 4933]


==============================================================================
N.3 CDC/ATSDR SVI 2022 (national, per-state files)
==============================================================================
--- /Users/chiemeka/DNHacks/Flood/project/scripts/../data/raw/svi_national.csv ---
rows=42,079  cols=158
columns: ['ST', 'STATE', 'ST_ABBR', 'STCNTY', 'COUNTY', 'FIPS', 'LOCATION', 'AREA_SQMI', 'E_TOTPOP', 'M_TOTPOP', 'E_HU', 'M_HU', 'E_HH', 'M_HH', 'E_POV150', 'M_POV150', 'E_UNEMP', 'M_UNEMP', 'E_HBURD', 'M_HBURD', 'E_NOHSDP', 'M_NOHSDP', 'E_UNINSUR', 'M_UNINSUR', 'E_AGE65', 'M_AGE65', 'E_AGE17', 'M_AGE17', 'E_DISABL', 'M_DISABL', 'E_SNGPNT', 'M_SNGPNT', 'E_LIMENG', 'M_LIMENG', 'E_MINRTY', 'M_MINRTY', 'E_MUNIT', 'M_MUNIT', 'E_MOBILE', 'M_MOBILE', 'E_CROWD', 'M_CROWD', 'E_NOVEH', 'M_NOVEH', 'E_GROUPQ', 'M_GROUPQ', 'EP_POV150', 'MP_POV150', 'EP_UNEMP', 'MP_UNEMP', 'EP_HBURD', 'MP_HBURD', 'EP_NOHSDP', 'MP_NOHSDP', 'EP_UNINSUR', 'MP_UNINSUR', 'EP_AGE65', 'MP_AGE65', 'EP_AGE17', 'MP_AGE17', 'EP_DISABL', 'MP_DISABL', 'EP_SNGPNT', 'MP_SNGPNT', 'EP_LIMENG', 'MP_LIMENG', 'EP_MINRTY', 'MP_MINRTY', 'EP_MUNIT', 'MP_MUNIT', 'EP_MOBILE', 'MP_MOBILE', 'EP_CROWD', 'MP_CROWD', 'EP_NOVEH', 'MP_NOVEH', 'EP_GROUPQ', 'MP_GROUPQ', 'EPL_POV150', 'EPL_UNEMP', 'EPL_HBURD', 'EPL_NOHSDP', 'EPL_UNINSUR', 'SPL_THEME1', 'RPL_THEME1', 'EPL_AGE65', 'EPL_AGE17', 'EPL_DISABL', 'EPL_SNGPNT', 'EPL_LIMENG', 'SPL_THEME2', 'RPL_THEME2', 'EPL_MINRTY', 'SPL_THEME3', 'RPL_THEME3', 'EPL_MUNIT', 'EPL_MOBILE', 'EPL_CROWD', 'EPL_NOVEH', 'EPL_GROUPQ', 'SPL_THEME4', 'RPL_THEME4', 'SPL_THEMES', 'RPL_THEMES', 'F_POV150', 'F_UNEMP', 'F_HBURD', 'F_NOHSDP', 'F_UNINSUR', 'F_THEME1', 'F_AGE65', 'F_AGE17', 'F_DISABL', 'F_SNGPNT', 'F_LIMENG', 'F_THEME2', 'F_MINRTY', 'F_THEME3', 'F_MUNIT', 'F_MOBILE', 'F_CROWD', 'F_NOVEH', 'F_GROUPQ', 'F_THEME4', 'F_TOTAL', 'E_DAYPOP', 'E_NOINT', 'M_NOINT', 'E_AFAM', 'M_AFAM', 'E_HISP', 'M_HISP', 'E_ASIAN', 'M_ASIAN', 'E_AIAN', 'M_AIAN', 'E_NHPI', 'M_NHPI', 'E_TWOMORE', 'M_TWOMORE', 'E_OTHERRACE', 'M_OTHERRACE', 'EP_NOINT', 'MP_NOINT', 'EP_AFAM', 'MP_AFAM', 'EP_HISP', 'MP_HISP', 'EP_ASIAN', 'MP_ASIAN', 'EP_AIAN', 'MP_AIAN', 'EP_NHPI', 'MP_NHPI', 'EP_TWOMORE', 'MP_TWOMORE', 'EP_OTHERRACE', 'MP_OTHERRACE']
head:
   ST   STATE ST_ABBR STCNTY                      COUNTY         FIPS                                            LOCATION    AREA_SQMI  E_TOTPOP  M_TOTPOP  E_HU  M_HU  E_HH  M_HH  E_POV150  M_POV150  E_UNEMP  M_UNEMP  E_HBURD  M_HBURD  E_NOHSDP  M_NOHSDP  E_UNINSUR  M_UNINSUR  E_AGE65  M_AGE65  E_AGE17  M_AGE17  E_DISABL  M_DISABL  E_SNGPNT  M_SNGPNT  E_LIMENG  M_LIMENG  E_MINRTY  M_MINRTY  E_MUNIT  M_MUNIT  E_MOBILE  M_MOBILE  E_CROWD  M_CROWD  E_NOVEH  M_NOVEH  E_GROUPQ  M_GROUPQ  EP_POV150  MP_POV150  EP_UNEMP  MP_UNEMP  EP_HBURD  MP_HBURD  EP_NOHSDP  MP_NOHSDP  EP_UNINSUR  MP_UNINSUR  EP_AGE65  MP_AGE65  EP_AGE17  MP_AGE17  EP_DISABL  MP_DISABL  EP_SNGPNT  MP_SNGPNT  EP_LIMENG  MP_LIMENG  EP_MINRTY  MP_MINRTY  EP_MUNIT  MP_MUNIT  EP_MOBILE  MP_MOBILE  EP_CROWD  MP_CROWD  EP_NOVEH  MP_NOVEH  EP_GROUPQ  MP_GROUPQ  EPL_POV150  EPL_UNEMP  EPL_HBURD  EPL_NOHSDP  EPL_UNINSUR  SPL_THEME1  RPL_THEME1  EPL_AGE65  EPL_AGE17  EPL_DISABL  EPL_SNGPNT  EPL_LIMENG  SPL_THEME2  RPL_THEME2  EPL_MINRTY  SPL_THEME3  RPL_THEME3  EPL_MUNIT  EPL_MOBILE  EPL_CROWD  EPL_NOVEH  EPL_GROUPQ  SPL_THEME4  RPL_THEME4  SPL_THEMES  RPL_THEMES  F_POV150  F_UNEMP  F_HBURD  F_NOHSDP  F_UNINSUR  F_THEME1  F_AGE65  F_AGE17  F_DISABL  F_SNGPNT  F_LIMENG  F_THEME2  F_MINRTY  F_THEME3  F_MUNIT  F_MOBILE  F_CROWD  F_NOVEH  F_GROUPQ  F_THEME4  F_TOTAL  E_DAYPOP  E_NOINT  M_NOINT  E_AFAM  M_AFAM  E_HISP  M_HISP  E_ASIAN  M_ASIAN  E_AIAN  M_AIAN  E_NHPI  M_NHPI  E_TWOMORE  M_TWOMORE  E_OTHERRACE  M_OTHERRACE  EP_NOINT  MP_NOINT  EP_AFAM  MP_AFAM  EP_HISP  MP_HISP  EP_ASIAN  MP_ASIAN  EP_AIAN  MP_AIAN  EP_NHPI  MP_NHPI  EP_TWOMORE  MP_TWOMORE  EP_OTHERRACE  MP_OTHERRACE
0   2  Alaska      AK  02013      Aleutians East Borough  02013000100      Census Tract 1; Aleutians East Borough; Alaska  6985.230948      3407         0  1089    86   899    88       805       169      106       58      141       28       508       137       1350        132      396       87      417       53       355        72        60        18       480       225      2871       154       39       19        75        26       46       24      225       49      1238       117       23.7        5.0       4.4       2.4      15.7       2.7       19.0        4.9        39.7         3.9      11.6       2.6      12.2       1.6       10.4        2.1        6.7        1.9       14.5        6.8       84.3        4.5       3.6       1.7        6.9        2.3       5.1       2.6      25.0       4.8       36.3        3.4      0.7657     0.3314     0.2414      0.9829       1.0000      3.3214      0.7586     0.3771     0.0629      0.2514      0.6609      1.0000      2.3523      0.4138      0.9257      0.9257      0.9257     0.5057      0.8103     0.5690     0.8678      0.9886      3.7414      0.9483     10.3408      0.8506         0        0        0         1          1         2        0        0         0         0         1         1         1         1        0         0        0        0         1         1        5      2

states pulled: 24  missing: []


==============================================================================
N.4 ACS 5-year tract estimates (national)
==============================================================================
--- /Users/chiemeka/DNHacks/Flood/project/scripts/../data/raw/acs_tract_national.csv ---
rows=85,381  cols=8
columns: ['tract_fips', 'acs_median_hh_income', 'acs_occupied_units', 'acs_owner_occupied', 'acs_renter_occupied', 'acs_total_pop', 'acs_pop_65plus', 'fips_county']
head:
    tract_fips  acs_median_hh_income  acs_occupied_units  acs_owner_occupied  acs_renter_occupied  acs_total_pop  acs_pop_65plus fips_county
0  01001020100                 62407                 672                 494                  178           1840             307       01001
1  01001020200                 59028                 572                 389                  183           2017             239       01001
2  01001020300                 66698                1253                 834                  419           3515             490       01001
3  01001020400                 75956                1648                1285                  363           3913            1025       01001
4  01001020501                 81936                1834                1019                  815           4053             661       01001


==============================================================================
N.5 IRS SOI county (national, TY2023)
==============================================================================
--- /Users/chiemeka/DNHacks/Flood/project/scripts/../data/raw/irs_soi_national.csv ---
rows=3,143  cols=169
columns: ['STATEFIPS', 'STATE', 'COUNTYFIPS', 'COUNTYNAME', 'AGI_STUB', 'N1', 'MARS1', 'MARS2', 'MARS4', 'ELF', 'CPREP', 'PREP', 'DIR_DEP', 'VRTCRIND', 'N2', 'TOTAL_VITA', 'VITA', 'TCE', 'VITA_EIC', 'RAC', 'ELDERLY', 'A00100', 'N02650', 'A02650', 'N00200', 'A00200', 'N00300', 'A00300', 'N00400', 'A00400', 'N00600', 'A00600', 'N00650', 'A00650', 'N00700', 'A00700', 'N00900', 'A00900', 'N01000', 'A01000', 'N01400', 'A01400', 'N01700', 'A01700', 'SCHF', 'N02300', 'A02300', 'N02500', 'A02500', 'N26270', 'A26270', 'N25870', 'A25870', 'N02900', 'A02900', 'N03220', 'A03220', 'N03300', 'A03300', 'N03270', 'A03270', 'N03150', 'A03150', 'N03210', 'A03210', 'N04450', 'A04450', 'N04100', 'A04100', 'N04200', 'A04200', 'N04470', 'A04470', 'A00101', 'N17000', 'A17000', 'N18425', 'A18425', 'N18450', 'A18450', 'N18500', 'A18500', 'N18800', 'A18800', 'N18460', 'A18460', 'N18300', 'A18300', 'N19300', 'A19300', 'N19500', 'A19500', 'N19530', 'A19530', 'N19570', 'A19570', 'N19700', 'A19700', 'N20950', 'A20950', 'N04475', 'A04475', 'N04800', 'A04800', 'N05800', 'A05800', 'N09600', 'A09600', 'N05780', 'A05780', 'N07100', 'A07100', 'N07300', 'A07300', 'N07180', 'A07180', 'N07230', 'A07230', 'N07240', 'A07240', 'N07225', 'A07225', 'N07262', 'A07262', 'N07265', 'A07265', 'N09400', 'A09400', 'N85770', 'A85770', 'N85775', 'A85775', 'N10600', 'A10600', 'N59660', 'A59660', 'N59661', 'A59661', 'N59662', 'A59662', 'N59663', 'A59663', 'N59664', 'A59664', 'N59720', 'A59720', 'N11070', 'A11070', 'N10960', 'A10960', 'N11560', 'A11560', 'N06500', 'A06500', 'N10300', 'A10300', 'N85530', 'A85530', 'N85300', 'A85300', 'N11901', 'A11901', 'N11900', 'A11900', 'N11902', 'A11902', 'N12000', 'A12000', 'fips_county']
head:
  STATEFIPS STATE COUNTYFIPS      COUNTYNAME AGI_STUB           N1       MARS1       MARS2       MARS4          ELF      CPREP        PREP     DIR_DEP   VRTCRIND           N2 TOTAL_VITA      VITA        TCE VITA_EIC         RAC     ELDERLY        A00100       N02650        A02650      N00200        A00200      N00300       A00300     N00400      A00400      N00600       A00600      N00650       A00650     N00700     A00700      N00900       A00900      N01000       A01000      N01400       A01400      N01700       A01700       SCHF    N02300     A02300      N02500       A02500     N26270       A26270     N25870      A25870      N02900       A02900     N03220    A03220    N03300      A03300     N03270      A03270     N03150     A03150     N03210     A03210       N04450        A04450       N04100        A04100      N04200      A04200     N04470       A04470        A00101     N17000      A17000     N18425      A18425     N18450     A18450     N18500      A18500     N18800     A18800     N18460      A18460     N18300      A18300     N19300       A19300    N19500     A19500    N19530    A19530    N19570      A19570     N19700       A19700    N20950      A20950      N04475       A04475      N04800        A04800      N05800        A05800    N09600     A09600     N05780     A05780      N07100      A07100     N07300     A07300     N07180     A07180     N07230     A07230     N07240     A07240      N07225      A07225    N07262     A07262     N07265     A07265      N09400      A09400      N85770      A85770      N85775      A85775       N10600        A10600      N59660      A59660     N59661     A59661     N59662      A59662     N59663      A59663     N59664      A59664      N59720      A59720      N11070      A11070     N10960     A10960     N11560     A11560      N06500        A06500      N10300        A10300     N85530     A85530     N85300      A85300      N11901       A11901      N11900       A11900      N11902       A11902     N12000      A12000 fips_county
1        01    AL        001  Autauga County        0   25970.0000  10860.0000  10140.0000   4230.0000   24330.0000   760.0000  12050.0000  16770.0000   230.0000   51790.0000   190.0000  140.0000    50.0000   0.0000   4920.0000   6590.0000  1913786.0000   25880.0000  1927726.0000  21350.0000  1397024.0000   8380.0000   17486.0000   450.0000   1150.0000   3560.0000   19697.0000   3250.0000   14048.0000   720.0000   896.0000   4360.0000   31790.0000   3020.0000   28392.0000   2250.0000   42660.0000   6080.0000  198830.0000   400.0000  180.0000   621.0000   4560.0000   86703.0000   940.0000   83646.0000  1060.0000   4856.0000   5110.0000   13940.0000   600.0000  180.0000   40.0000    867.0000   390.0000   3363.0000   310.0000  1391.0000  1130.0000   846.0000   24040.0000   491140.0000   24040.0000   481193.0000   4400.0000   9948.0000  1690.0000   68127.0000   318562.0000   450.0000   7469.0000  1280.0000   9549.0000   290.0000   671.0000  1260.0000   2121.0000   950.0000   364.0000  1620.0000   9629.0


==============================================================================
N.6 USDA RUCC 2023 (national)
==============================================================================
--- /Users/chiemeka/DNHacks/Flood/project/scripts/../data/raw/rucc_national.csv ---
rows=3,235  cols=6
columns: ['fips_county', 'State', 'County_Name', 'Description', 'Population_2020', 'RUCC_2023']
head:
  fips_county State     County_Name                                                               Description Population_2020 RUCC_2023
0       01001    AL  Autauga County        Metro - Counties in metro areas of 250,000 to 1 million population           58805         2
1       01003    AL  Baldwin County          Metro - Counties in metro areas of fewer than 250,000 population          231767         3
2       01005    AL  Barbour County  Nonmetro - Urban population of 5,000 to 20,000, adjacent to a metro area           25223         6
3       01007    AL     Bibb County           Metro - Counties in metro areas of 1 million population or more           22293         1
4       01009    AL   Blount County           Metro - Counties in metro areas of 1 million population or more           59134         1


==============================================================================
N.2 National IA valid registrations
==============================================================================
--- /Users/chiemeka/DNHacks/Flood/project/scripts/../data/raw/openfema_ia_registrations_national.csv ---
rows=1,166,753  cols=19
columns: ['id', 'disasterNumber', 'censusGeoid', 'fips', 'county', 'damagedZipCode', 'ihpAmount', 'ihpEligible', 'haAmount', 'onaAmount', 'ownRent', 'grossIncome', 'occupants65andOver', 'floodDamage', 'floodDamageAmount', 'waterLevel', 'destroyed', 'residenceType', 'primaryResidence']
head:
           id  disasterNumber   censusGeoid   fips              county damagedZipCode  ihpAmount  ihpEligible  haAmount  onaAmount ownRent        grossIncome occupants65andOver  floodDamage  floodDamageAmount  waterLevel  destroyed residenceType primaryResidence
0  2386344019            4217  212059503001  21205      Rowan (County)          40351       0.00        False      0.00        0.0       O    $15,000-$30,000                  0        False               0.00           0      False             O            False
1  2386344020            4217  211110119042  21111  Jefferson (County)          40219       0.00        False      0.00        0.0       O   $60,001-$120,000                  0         True            1391.85          22      False             H             True
2  2386344021            4217  211110115065  21111  Jefferson (County)          40291     921.63         True    921.63        0.0       O  $120,001-$175,000                  0         True             921.63           3      False             H             True
3  2386344022            4217  211110119062  21111  Jefferson (County)          40219    4491.32         True   4491.32        0.0       O                  0                  0         True            5039.80           8      False             H             True
4  2386344023            4217  211110111142  21111  Jefferson (County)          40220       0.00        False      0.00        0.0       O                  0                  0         True            1259.13           3      False             H             True

censusGeoid coverage: 93.2%
incidents: 52

